#TradeId,TradeType,Maturity,MaturityTime,NPV,NpvCurrency,NPV(Base),BaseCurrency,Notional,NotionalCurrency,Notional(Base),NettingSet,CounterParty
FXNDF,FxForward,2021-02-09,5.011221,227467.592353,USD,227467.592353,USD,1200000.00,USD,1200000.00,NS,CP
FXNDF_SWAP,Swap,2021-02-09,5.011221,227467.592353,USD,227467.592353,USD,1438428.18,USD,1438428.18,NS,CP
