#Counterparty,NettingSet,Analytic,Value
All,All,BA_CVA_CAPITAL,167839.366183
CPTY_A,All,sCVA,516428.819025
CPTY_A,All,RiskWeight,0.050000
CPTY_A,CPTY_A,EAD,1719864.855298
CPTY_A,CPTY_A,EffMaturity,10.907723
CPTY_A,CPTY_A,DiscountFactor,0.770797
