#TradeId,Type,CashflowNo,LegNo,PayDate,FlowType,Amount,Currency,Coupon,Accrual,AccrualStartDate,AccrualEndDate,AccruedAmount,fixingDate,fixingValue,Notional,DiscountFactor,PresentValue,FXRate(Local-Base),PresentValue(Base),BaseCurrency,FloorStrike,CapStrike,FloorVolatility,CapVolatility
GenericTRS,TotalReturnSwap,1,0,2018-12-31,AccruedReturn,1015990.9030,EUR,#N/A,#N/A,2018-10-15,2018-12-31,#N/A,#N/A,2984009.0969718117,4000000.0000,1.0000000000,1015990.9030281882,1.0000000000,1015990.9030281882,EUR,#N/A,#N/A,#N/A,#N/A
GenericTRS,TotalReturnSwap,1,1,2018-12-31,UnderlyingCashFlow,-29917.8082,EUR,#N/A,#N/A,#N/A,#N/A,#N/A,#N/A,#N/A,4000000.0000,1.0000000000,-29917.8082191780,1.0000000000,-29917.8082191780,EUR,#N/A,#N/A,#N/A,#N/A
GenericTRS,TotalReturnSwap,1,3,2018-12-31,AccruedFunding,-889.7778,EUR,#N/A,#N/A,2018-10-15,2018-12-31,#N/A,#N/A,#N/A,4000000.0000,1.0000000000,-889.7777777778,1.0000000000,-889.7777777778,EUR,#N/A,#N/A,#N/A,#N/A
