#TradeId,TradeType,Maturity,MaturityTime,NPV,NpvCurrency,NPV(Base),BaseCurrency,Notional,NotionalCurrency,Notional(Base),NettingSet,CounterParty
FwdBond,ForwardBond,2033-02-03,11.008219,6674982.925806,EUR,6674982.925806,EUR,10000000.00,EUR,10000000.00,CPTY_A,CPTY_A
NoFwdContract,Bond,2033-02-03,11.008219,6960892.028182,EUR,6960892.028182,EUR,1.00,EUR,1.00,CPTY_A,CPTY_A
