#Scenario,TradeId,Date,Time,EPE,ENE,AllocatedEPE,AllocatedENE,PFE,BaselEE,BaselEEE,TimeWeightedBaselEPE,TimeWeightedBaselEEPE
BASE,Swap_EUR,2016-02-05,0.000000,0,1032,0,0,0,0,0,0.00,0.00
BASE,Swap_EUR,2016-05-05,0.245902,156876,157724,0,0,671606,157660,157660,157660.43,157660.43
BASE,Swap_EUR,2016-08-05,0.497268,216378,218505,0,0,932891,218567,218567,188448.21,188448.21
BASE,Swap_EUR,2016-11-07,0.754098,216322,317235,0,0,1016284,219640,219640,199071.53,199071.53
BASE,Swap_EUR,2017-02-06,1.003002,260918,360126,0,0,1251266,266239,266239,215739.78,215739.78
BASE,Swap_EUR,2017-05-05,1.244098,332955,333868,0,0,1445358,341406,341406,240092.80,240092.80
BASE,Swap_EUR,2017-08-07,1.501632,370800,371401,0,0,1649340,382187,382187,264462.43,264462.43
BASE,Swap_EUR,2017-11-06,1.750947,340692,437899,0,0,1753115,352913,382187,277056.72,281225.12
BASE,Swap_EUR,2018-02-05,2.000262,366067,464443,0,0,1796807,381086,382187,290023.00,293809.17
BASE,Swap_EUR,2018-05-07,2.249577,423938,424756,0,0,1971302,443544,443544,307037.35,310403.91
BASE,Swap_EUR,2018-08-06,2.498892,448342,447915,0,0,2046378,471431,471431,323438.92,326469.60
BASE,Swap_EUR,2018-11-05,2.748207,407628,501815,0,0,2007579,430770,471431,333175.94,339620.35
BASE,Swap_EUR,2019-02-05,3.000262,437804,530477,0,0,2106274,465006,471431,344251.13,350693.87
BASE,Swap_EUR,2019-05-06,3.246837,484180,482699,0,0,2290730,516816,516816,357356.24,363309.69
BASE,Swap_EUR,2019-08-05,3.496152,501484,497912,0,0,2275454,537973,537973,370236.22,375765.12
BASE,Swap_EUR,2019-11-05,3.748207,448955,541081,0,0,2074082,484065,537973,377890.81,386673.05
BASE,Swap_EUR,2020-02-05,4.000000,465813,558608,0,0,2288135,504788,537973,385878.79,396197.08
BASE,Swap_EUR,2020-05-05,4.245902,513273,512105,0,0,2435684,558980,558980,395903.97,405624.68
BASE,Swap_EUR,2020-08-05,4.497268,526266,526356,0,0,2369697,576038,576038,405972.20,415149.59
BASE,Swap_EUR,2020-11-05,4.748634,473214,563538,0,0,2263574,520596,576038,412039.74,423666.10
BASE,Swap_EUR,2021-02-05,5.000262,486214,577278,0,0,2215441,537610,576038,418358.82,431333.90
BASE,Swap_EUR,2021-05-05,5.244098,531306,530427,0,0,2414390,590352,590352,426356.00,438727.77
BASE,Swap_EUR,2021-08-05,5.496152,540091,539934,0,0,2396584,603158,603158,434464.17,446268.57
BASE,Swap_EUR,2021-11-05,5.748207,482670,573175,0,0,2220442,541765,603158,439169.25,453148.06
BASE,Swap_EUR,2022-02-07,6.005741,491549,582363,0,0,2280142,554592,603158,444118.73,459580.68
BASE,Swap_EUR,2022-05-05,6.244098,529954,530246,0,0,2380669,600790,603158,450099.33,465061.46
BASE,Swap_EUR,2022-08-05,6.496152,544250,544245,0,0,2473422,620127,620127,456696.52,471078.11
BASE,Swap_EUR,2022-11-07,6.753687,490101,578489,0,0,2220304,561323,620127,460686.17,476761.70
BASE,Swap_EUR,2023-02-06,7.003002,497908,586785,0,0,2226449,573126,620127,464689.16,481865.68
BASE,Swap_EUR,2023-05-05,7.244098,529359,530770,0,0,2293321,612284,620127,469601.37,486467.25
BASE,Swap_EUR,2023-08-07,7.501632,538894,541225,0,0,2373861,626544,626544,474989.29,491276.15
BASE,Swap_EUR,2023-11-06,7.750947,482597,569916,0,0,2151232,563906,626544,477849.35,495627.15
BASE,Swap_EUR,2024-02-05,8.000000,486898,574349,0,0,2232591,571786,626544,480773.74,499702.81
BASE,Swap_EUR,2024-05-06,8.248634,517601,518863,0,0,2235725,610892,626544,484695.81,503526.12
BASE,Swap_EUR,2024-08-05,8.497268,523041,523735,0,0,2288411,620410,626544,488666.86,507125.68
BASE,Swap_EUR,2024-11-05,8.748634,463848,548558,0,0,2077461,552989,626544,490514.96,510556.82
BASE,Swap_EUR,2025-02-05,9.000262,473602,558199,0,0,2062544,567481,626544,492666.77,513799.58
BASE,Swap_EUR,2025-05-05,9.244098,493674,494597,0,0,2059660,594434,626544,495351.14,516773.49
BASE,Swap_EUR,2025-08-05,9.496152,498022,498658,0,0,2145736,602711,626544,498200.78,519687.11
BASE,Swap_EUR,2025-11-05,9.748207,436614,518159,0,0,1992634,531075,626544,499050.79,522450.07
BASE,Swap_EUR,2026-02-05,10.000262,445113,526502,0,0,2045578,544160,626544,500187.76,525073.74
BASE,Swap_EUR,2026-05-05,10.244098,465402,464249,0,0,2004448,571755,626544,501891.24,527488.99
BASE,Swap_EUR,2026-08-05,10.496152,474397,472006,0,0,2039957,585763,626544,503905.34,529867.70
BASE,Swap_EUR,2026-11-05,10.748207,410224,489343,0,0,1791663,509094,626544,504027.01,532134.85
BASE,Swap_EUR,2027-02-05,11.000262,414340,493597,0,0,1876864,516811,626544,504319.94,534298.10
BASE,Swap_EUR,2027-05-05,11.244098,432391,431298,0,0,1901600,541972,626544,505136.45,536298.52
BASE,Swap_EUR,2027-08-05,11.496152,436631,435907,0,0,1950061,550063,626544,506121.47,538277.17
BASE,Swap_EUR,2027-11-05,11.748207,376078,453993,0,0,1759252,476182,626544,505479.14,540170.91
BASE,Swap_EUR,2028-02-07,12.005464,381858,459357,0,0,1771303,486007,626544,505061.88,542021.75
BASE,Swap_EUR,2028-05-05,12.245902,396683,395622,0,0,1772404,507326,626544,505106.32,543681.27
BASE,Swap_EUR,2028-08-07,12.502732,396606,397002,0,0,1794878,509856,626544,505203.89,545383.43
BASE,Swap_EUR,2028-11-06,12.751366,332237,410527,0,0,1592849,429249,626544,503722.87,546965.95
BASE,Swap_EUR,2029-02-05,13.000262,334178,413310,0,0,1619411,433923,626544,502386.52,548489.51
BASE,Swap_EUR,2029-05-07,13.249577,349890,350978,0,0,1586104,456604,626544,501525.04,549958.26
BASE,Swap_EUR,2029-08-06,13.498892,353102,354055,0,0,1584344,463109,626544,500815.52,551372.74
BASE,Swap_EUR,2029-11-05,13.748207,292968,370387,0,0,1373744,386168,626544,498736.46,552735.93
BASE,Swap_EUR,2030-02-05,14.000262,294103,371652,0,0,1375609,389630,626544,496772.15,554064.74
BASE,Swap_EUR,2030-05-06,14.246837,309889,310419,0,0,1381360,412581,626544,495315.02,555319.17
BASE,Swap_EUR,2030-08-05,14.496152,312154,313124,0,0,1343685,417682,626544,493979.83,556544.15
BASE,Swap_EUR,2030-11-05,14.748207,251745,327662,0,0,1184061,338559,626544,491323.61,557740.48
BASE,Swap_EUR,2031-02-05,15.000262,254239,329813,0,0,1192111,343649,626544,488842.18,558896.62
BASE,Swap_EUR,2031-05-05,15.244098,267844,267692,0,0,1156291,363814,626544,486842.30,559978.67
BASE,Swap_EUR,2031-08-05,15.496152,270091,270208,0,0,1144869,368727,626544,484921.08,561061.40
BASE,Swap_EUR,2031-11-05,15.748207,208891,281203,0,0,980620,286624,626544,481747.28,562109.47
BASE,Swap_EUR,2032-02-05,16.000000,210759,282999,0,0,966501,290654,626544,478740.03,563123.48
BASE,Swap_EUR,2032-05-05,16.245902,221149,220989,0,0,915976,306496,626544,476132.90,564083.43
BASE,Swap_EUR,2032-08-05,16.497268,221577,221700,0,0,943033,308647,626544,473580.94,565035.13
BASE,Swap_EUR,2032-11-05,16.748634,160530,232545,0,0,733408,224746,626544,469846.39,565958.27
BASE,Swap_EUR,2033-02-07,17.005741,162167,234219,0,0,774197,228214,626544,466193.18,566874.26
BASE,Swap_EUR,2033-05-05,17.244098,169744,169740,0,0,699194,240023,626544,463066.95,567699.05
BASE,Swap_EUR,2033-08-05,17.496152,170383,170437,0,0,721351,242149,626544,459884.33,568546.79
BASE,Swap_EUR,2033-11-07,17.753687,108950,179449,0,0,506140,155643,626544,455471.02,569388.09
BASE,Swap_EUR,2034-02-06,18.003002,109327,179957,0,0,496924,156965,626544,451337.15,570179.62
BASE,Swap_EUR,2034-05-05,18.244098,115938,115941,0,0,474079,167263,626544,447583.11,570924.48
BASE,Swap_EUR,2034-08-07,18.501632,115775,115819,0,0,458764,167895,626544,443689.98,571698.68
BASE,Swap_EUR,2034-11-06,18.750947,56181,125094,0,0,293435,81882,626544,438879.33,572427.91
BASE,Swap_EUR,2035-02-05,19.000262,56619,125565,0,0,294848,82933,626544,434208.73,573138.01
BASE,Swap_EUR,2035-05-07,19.249577,59094,58857,0,0,235132,86993,626544,429711.69,573829.71
BASE,Swap_EUR,2035-08-06,19.498892,58952,58704,0,0,234791,87220,626544,425332.55,574503.72
BASE,Swap_EUR,2035-11-05,19.748207,6632,74726,0,0,48243,9861,626544,420087.35,575160.71
BASE,Swap_EUR,2036-02-05,20.000000,6564,74630,0,0,53211,9810,626544,414922.11,575807.61
BASE,Swap_EUR,2036-05-05,20.245902,0,0,0,0,0,0,626544,0.00,0.00
BASE,Swap_EUR,2036-08-05,20.497268,0,0,0,0,0,0,626544,0.00,0.00
BASE,Swap_EUR,2036-11-05,20.748634,0,0,0,0,0,0,626544,0.00,0.00
BASE,Swap_EUR,2037-02-05,21.000262,0,0,0,0,0,0,626544,0.00,0.00
BASE,Swap_EUR,2037-05-05,21.244098,0,0,0,0,0,0,626544,0.00,0.00
BASE,Swap_EUR,2037-08-05,21.496152,0,0,0,0,0,0,626544,0.00,0.00
BASE,Swap_EUR,2037-11-05,21.748207,0,0,0,0,0,0,626544,0.00,0.00
BASE,Swap_EUR,2038-02-05,22.000262,0,0,0,0,0,0,626544,0.00,0.00
eur_6m_up,Swap_EUR,2016-02-05,0.000000,3324244,0,0,0,3324244,3324244,3324244,3324244.25,3324244.25
eur_6m_up,Swap_EUR,2016-05-05,0.245902,3324475,0,0,0,4142422,3341100,3341100,3341100.06,3341100.06
eur_6m_up,Swap_EUR,2016-08-05,0.497268,3322982,0,0,0,4459287,3356587,3356587,3348928.80,3348928.80
eur_6m_up,Swap_EUR,2016-11-07,0.754098,3123348,0,0,0,4472883,3171249,3356587,3288414.74,3351537.14
eur_6m_up,Swap_EUR,2017-02-06,1.003002,3125368,0,0,0,4756193,3189105,3356587,3263770.11,3352790.39
eur_6m_up,Swap_EUR,2017-05-05,1.244098,3124883,0,0,0,4856985,3204192,3356587,3252224.31,3353526.21
eur_6m_up,Swap_EUR,2017-08-07,1.501632,3125251,0,0,0,5100822,3221225,3356587,3246907.83,3354051.20
eur_6m_up,Swap_EUR,2017-11-06,1.750947,2929532,58,0,0,5134692,3034609,3356587,3216678.87,3354412.32
eur_6m_up,Swap_EUR,2018-02-05,2.000262,2928467,316,0,0,5189430,3048614,3356587,3195731.08,3354683.42
eur_6m_up,Swap_EUR,2018-05-07,2.249577,2929302,197,0,0,5264658,3064775,3356587,3181217.57,3354894.42
eur_6m_up,Swap_EUR,2018-08-06,2.498892,2931087,529,0,0,5354792,3082030,3356587,3171321.60,3355063.33
eur_6m_up,Swap_EUR,2018-11-05,2.748207,2739498,1520,0,0,5218856,2895028,3356587,3146256.50,3355201.58
eur_6m_up,Swap_EUR,2019-02-05,3.000262,2741803,2139,0,0,5336013,2912163,3356587,3126590.05,3355318.00
eur_6m_up,Swap_EUR,2019-05-06,3.246837,2741805,1895,0,0,5424121,2926616,3356587,3111403.34,3355414.40
eur_6m_up,Swap_EUR,2019-08-05,3.496152,2745843,3514,0,0,5406888,2945633,3356587,3099582.03,3355498.04
eur_6m_up,Swap_EUR,2019-11-05,3.748207,2556298,5713,0,0,5083729,2756208,3356587,3076491.25,3355571.30
eur_6m_up,Swap_EUR,2020-02-05,4.000000,2558373,8606,0,0,5332956,2772438,3356587,3057351.65,3355635.25
eur_6m_up,Swap_EUR,2020-05-05,4.245902,2558837,8330,0,0,5377119,2786701,3356587,3041676.91,3355690.39
eur_6m_up,Swap_EUR,2020-08-05,4.497268,2559759,10698,0,0,5302444,2801847,3356587,3028272.09,3355740.53
eur_6m_up,Swap_EUR,2020-11-05,4.748634,2378587,12559,0,0,5091230,2616748,3356587,3006488.31,3355785.35
eur_6m_up,Swap_EUR,2021-02-05,5.000262,2380694,15486,0,0,5036952,2632352,3356587,2987660.65,3355825.71
eur_6m_up,Swap_EUR,2021-05-05,5.244098,2381043,14760,0,0,5143168,2645656,3356587,2971758.42,3355861.13
eur_6m_up,Swap_EUR,2021-08-05,5.496152,2383701,18224,0,0,5123638,2662045,3356587,2957554.91,3355894.43
eur_6m_up,Swap_EUR,2021-11-05,5.748207,2206506,23308,0,0,4834206,2476660,3356587,2936468.01,3355924.81
eur_6m_up,Swap_EUR,2022-02-07,6.005741,2209875,27020,0,0,4903068,2493299,3356587,2917464.32,3355953.22
eur_6m_up,Swap_EUR,2022-05-05,6.244098,2208464,24134,0,0,4898695,2503658,3356587,2901668.07,3355977.43
eur_6m_up,Swap_EUR,2022-08-05,6.496152,2210675,26003,0,0,5004669,2518878,3356587,2886815.55,3356001.09
eur_6m_up,Swap_EUR,2022-11-07,6.753687,2037453,30891,0,0,4630216,2333539,3356587,2865717.79,3356023.45
eur_6m_up,Swap_EUR,2023-02-06,7.003002,2039819,33825,0,0,4637839,2347971,3356587,2847285.41,3356043.52
eur_6m_up,Swap_EUR,2023-05-05,7.244098,2035833,29770,0,0,4598548,2354753,3356587,2830893.09,3356061.62
eur_6m_up,Swap_EUR,2023-08-07,7.501632,2036644,31586,0,0,4689368,2367901,3356587,2814998.37,3356079.67
eur_6m_up,Swap_EUR,2023-11-06,7.750947,1872929,40690,0,0,4352273,2188484,3356587,2794846.05,3356096.00
eur_6m_up,Swap_EUR,2024-02-05,8.000000,1875141,43030,0,0,4444026,2202062,3356587,2776391.72,3356111.30
eur_6m_up,Swap_EUR,2024-05-06,8.248634,1871771,39512,0,0,4335871,2209133,3356587,2759293.16,3356125.65
eur_6m_up,Swap_EUR,2024-08-05,8.497268,1876094,43201,0,0,4394801,2225345,3356587,2743669.59,3356139.16
eur_6m_up,Swap_EUR,2024-11-05,8.748634,1714152,51831,0,0,4073375,2043570,3356587,2723554.29,3356152.03
eur_6m_up,Swap_EUR,2025-02-05,9.000262,1716424,53962,0,0,4057430,2056658,3356587,2704909.30,3356164.20
eur_6m_up,Swap_EUR,2025-05-05,9.244098,1707775,46076,0,0,3946607,2056336,3356587,2687801.60,3356175.37
eur_6m_up,Swap_EUR,2025-08-05,9.496152,1711102,49104,0,0,4042198,2070794,3356587,2671424.48,3356186.30
eur_6m_up,Swap_EUR,2025-11-05,9.748207,1553661,56021,0,0,3788975,1889795,3356587,2651214.26,3356196.67
eur_6m_up,Swap_EUR,2026-02-05,10.000262,1557130,59322,0,0,3847518,1903623,3356587,2632371.36,3356206.52
eur_6m_up,Swap_EUR,2026-05-05,10.244098,1553236,55509,0,0,3698327,1908181,3356587,2615133.77,3356215.58
eur_6m_up,Swap_EUR,2026-08-05,10.496152,1557817,58785,0,0,3737657,1923517,3356587,2598525.28,3356224.51
eur_6m_up,Swap_EUR,2026-11-05,10.748207,1400241,65109,0,0,3382907,1737720,3356587,2578338.65,3356233.02
eur_6m_up,Swap_EUR,2027-02-05,11.000262,1402190,67206,0,0,3476023,1748966,3356587,2559334.79,3356241.14
eur_6m_up,Swap_EUR,2027-05-05,11.244098,1390616,55892,0,0,3403083,1743041,3356587,2541632.92,3356248.64
eur_6m_up,Swap_EUR,2027-08-05,11.496152,1392513,58197,0,0,3455646,1754273,3356587,2524369.95,3356256.07
eur_6m_up,Swap_EUR,2027-11-05,11.748207,1240690,66095,0,0,3166004,1570937,3356587,2503914.28,3356263.18
eur_6m_up,Swap_EUR,2028-02-07,12.005464,1244428,69415,0,0,3179142,1583837,3356587,2484198.54,3356270.12
eur_6m_up,Swap_EUR,2028-05-05,12.245902,1233982,59854,0,0,3083699,1578162,3356587,2466409.34,3356276.35
eur_6m_up,Swap_EUR,2028-08-07,12.502732,1232370,59775,0,0,3107928,1584269,3356587,2448288.46,3356282.74
eur_6m_up,Swap_EUR,2028-11-06,12.751366,1082199,67017,0,0,2809555,1398198,3356587,2427813.15,3356288.68
eur_6m_up,Swap_EUR,2029-02-05,13.000262,1082717,68430,0,0,2838177,1405886,3356587,2408247.90,3356294.40
eur_6m_up,Swap_EUR,2029-05-07,13.249577,1072939,58029,0,0,2709928,1400179,3356587,2389279.25,3356299.91
eur_6m_up,Swap_EUR,2029-08-06,13.498892,1073865,58812,0,0,2708435,1408419,3356587,2371163.44,3356305.22
eur_6m_up,Swap_EUR,2029-11-05,13.748207,926078,66233,0,0,2403215,1220684,3356587,2350300.23,3356310.33
eur_6m_up,Swap_EUR,2030-02-05,14.000262,927985,68272,0,0,2405463,1229403,3356587,2330120.08,3356315.32
eur_6m_up,Swap_EUR,2030-05-06,14.246837,916182,54509,0,0,2323776,1219790,3356587,2310903.17,3356320.03
eur_6m_up,Swap_EUR,2030-08-05,14.496152,917409,56202,0,0,2284051,1227552,3356587,2292270.92,3356324.63
eur_6m_up,Swap_EUR,2030-11-05,14.748207,774040,64573,0,0,2036880,1040968,3356587,2270885.49,3356329.12
eur_6m_up,Swap_EUR,2031-02-05,15.000262,776460,66637,0,0,2045469,1049520,3356587,2250362.45,3356333.46
eur_6m_up,Swap_EUR,2031-05-05,15.244098,762871,52082,0,0,1922418,1036212,3356587,2230941.61,3356337.52
eur_6m_up,Swap_EUR,2031-08-05,15.496152,762886,52377,0,0,1910484,1041489,3356587,2211594.40,3356341.58
eur_6m_up,Swap_EUR,2031-11-05,15.748207,624674,60392,0,0,1662938,857129,3356587,2189915.78,3356345.51
eur_6m_up,Swap_EUR,2032-02-05,16.000000,624681,60322,0,0,1648341,861486,3356587,2169010.21,3356349.32
eur_6m_up,Swap_EUR,2032-05-05,16.245902,608050,44582,0,0,1514140,842712,3356587,2148935.06,3356352.92
eur_6m_up,Swap_EUR,2032-08-05,16.497268,608745,45571,0,0,1542254,847955,3356587,2129112.24,3356356.49
eur_6m_up,Swap_EUR,2032-11-05,16.748634,471142,53229,0,0,1250250,659609,3356587,2107057.70,3356359.96
eur_6m_up,Swap_EUR,2033-02-07,17.005741,471741,53866,0,0,1292389,663871,3356587,2085238.36,3356363.40
eur_6m_up,Swap_EUR,2033-05-05,17.244098,454900,36403,0,0,1137433,643241,3356587,2065306.38,3356366.49
eur_6m_up,Swap_EUR,2033-08-05,17.496152,454880,36442,0,0,1160205,646476,3356587,2044866.28,3356369.67
eur_6m_up,Swap_EUR,2033-11-07,17.753687,320793,44709,0,0,866242,458275,3356587,2021851.25,3356372.83
eur_6m_up,Swap_EUR,2034-02-06,18.003002,321383,45435,0,0,856806,461422,3356587,2000241.60,3356375.80
eur_6m_up,Swap_EUR,2034-05-05,18.244098,303162,26602,0,0,762011,437372,3356587,1979588.26,3356378.60
eur_6m_up,Swap_EUR,2034-08-07,18.501632,303672,27155,0,0,747994,440379,3356587,1958163.17,3356381.50
eur_6m_up,Swap_EUR,2034-11-06,18.750947,173636,36458,0,0,505228,253066,3356587,1935491.98,3356384.24
eur_6m_up,Swap_EUR,2035-02-05,19.000262,173406,36264,0,0,502454,253999,3356587,1913427.99,3356386.90
eur_6m_up,Swap_EUR,2035-05-07,19.249577,152081,14381,0,0,378190,223881,3356587,1891545.46,3356389.50
eur_6m_up,Swap_EUR,2035-08-06,19.498892,151860,14147,0,0,375606,224677,3356587,1870232.69,3356392.03
eur_6m_up,Swap_EUR,2035-11-05,19.748207,29083,29545,0,0,117329,43245,3356587,1847167.52,3356394.50
eur_6m_up,Swap_EUR,2036-02-05,20.000000,28715,29146,0,0,121943,42913,3356587,1824452.61,3356396.92
eur_6m_up,Swap_EUR,2036-05-05,20.245902,0,0,0,0,0,0,3356587,0.00,0.00
eur_6m_up,Swap_EUR,2036-08-05,20.497268,0,0,0,0,0,0,3356587,0.00,0.00
eur_6m_up,Swap_EUR,2036-11-05,20.748634,0,0,0,0,0,0,3356587,0.00,0.00
eur_6m_up,Swap_EUR,2037-02-05,21.000262,0,0,0,0,0,0,3356587,0.00,0.00
eur_6m_up,Swap_EUR,2037-05-05,21.244098,0,0,0,0,0,0,3356587,0.00,0.00
eur_6m_up,Swap_EUR,2037-08-05,21.496152,0,0,0,0,0,0,3356587,0.00,0.00
eur_6m_up,Swap_EUR,2037-11-05,21.748207,0,0,0,0,0,0,3356587,0.00,0.00
eur_6m_up,Swap_EUR,2038-02-05,22.000262,0,0,0,0,0,0,3356587,0.00,0.00
eonia_up,Swap_EUR,2016-02-05,0.000000,12729,0,0,0,12729,12729,12729,12728.56,12728.56
eonia_up,Swap_EUR,2016-05-05,0.245902,134932,122062,0,0,562536,136277,136277,136277.14,136277.14
eonia_up,Swap_EUR,2016-08-05,0.497268,183120,171292,0,0,775131,186826,186826,161829.16,161829.16
eonia_up,Swap_EUR,2016-11-07,0.754098,173857,260091,0,0,822222,179213,186826,167749.79,170342.47
eonia_up,Swap_EUR,2017-02-06,1.003002,209615,294427,0,0,1011960,218234,218234,180277.89,182227.18
eonia_up,Swap_EUR,2017-05-05,1.244098,275104,263427,0,0,1183673,289207,289207,201387.50,202959.03
eonia_up,Swap_EUR,2017-08-07,1.501632,305302,293331,0,0,1347529,324288,324288,222465.24,223767.25
eonia_up,Swap_EUR,2017-11-06,1.750947,271720,353362,0,0,1405958,291512,324288,232296.75,238080.23
eonia_up,Swap_EUR,2018-02-05,2.000262,291924,374485,0,0,1441128,316321,324288,242769.61,248825.23
eonia_up,Swap_EUR,2018-05-07,2.249577,344040,332973,0,0,1591684,376535,376535,257594.48,262978.97
eonia_up,Swap_EUR,2018-08-06,2.498892,363452,351382,0,0,1651124,401774,401774,271979.29,276826.57
eonia_up,Swap_EUR,2018-11-05,2.748207,321708,399768,0,0,1592924,359199,401774,279891.81,288161.69
eonia_up,Swap_EUR,2019-02-05,3.000262,345269,422067,0,0,1670783,389420,401774,289093.35,297706.35
eonia_up,Swap_EUR,2019-05-06,3.246837,387156,375143,0,0,1825897,440999,440999,300629.59,308588.49
eonia_up,Swap_EUR,2019-08-05,3.496152,400712,387055,0,0,1811777,461025,461025,312067.57,319458.92
eonia_up,Swap_EUR,2019-11-05,3.748207,350438,425656,0,0,1626444,407277,461025,318470.11,328978.76
eonia_up,Swap_EUR,2020-02-05,4.000000,363520,439263,0,0,1794584,426769,461025,325287.36,337290.82
eonia_up,Swap_EUR,2020-05-05,4.245902,405046,394263,0,0,1915938,480243,480243,334261.61,345569.89
eonia_up,Swap_EUR,2020-08-05,4.497268,415018,405253,0,0,1863316,497062,497062,343361.01,354037.24
eonia_up,Swap_EUR,2020-11-05,4.748634,365505,438160,0,0,1754949,442205,497062,348593.27,361608.16
eonia_up,Swap_EUR,2021-02-05,5.000262,375353,448563,0,0,1716624,458730,497062,354135.67,368424.60
eonia_up,Swap_EUR,2021-05-05,5.244098,414028,404240,0,0,1876051,510964,510964,361427.76,375052.29
eonia_up,Swap_EUR,2021-08-05,5.496152,420660,411436,0,0,1861364,524420,524420,368902.64,381902.35
eonia_up,Swap_EUR,2021-11-05,5.748207,368541,440314,0,0,1701373,464109,524420,373077.39,388151.66
eonia_up,Swap_EUR,2022-02-07,6.005741,375235,447252,0,0,1746936,477441,524420,377552.65,393995.04
eonia_up,Swap_EUR,2022-05-05,6.244098,407932,399857,0,0,1827455,524027,524420,383144.02,398973.77
eonia_up,Swap_EUR,2022-08-05,6.496152,418706,410402,0,0,1898390,543327,543327,389359.23,404574.78
eonia_up,Swap_EUR,2022-11-07,6.753687,370038,439195,0,0,1682017,485156,543327,393012.19,409865.74
eonia_up,Swap_EUR,2023-02-06,7.003002,375920,445443,0,0,1686408,497816,543327,396743.33,414617.13
eonia_up,Swap_EUR,2023-05-05,7.244098,402487,396025,0,0,1739736,538172,543327,401450.33,418900.83
eonia_up,Swap_EUR,2023-08-07,7.501632,409569,403811,0,0,1800347,553324,553324,406664.21,423515.63
eonia_up,Swap_EUR,2023-11-06,7.750947,360374,427744,0,0,1611100,491751,553324,409401.07,427691.00
eonia_up,Swap_EUR,2024-02-05,8.000000,363521,430998,0,0,1672213,501026,553324,412253.50,431602.16
eonia_up,Swap_EUR,2024-05-06,8.248634,388870,383043,0,0,1675908,541344,553324,416144.61,435271.15
eonia_up,Swap_EUR,2024-08-05,8.497268,392860,386608,0,0,1714956,552391,553324,420131.22,438725.42
eonia_up,Swap_EUR,2024-11-05,8.748634,342470,407053,0,0,1538038,486427,553324,422036.04,442018.07
eonia_up,Swap_EUR,2025-02-05,9.000262,349627,414133,0,0,1526656,501635,553324,424261.44,445129.94
eonia_up,Swap_EUR,2025-05-05,9.244098,366577,361199,0,0,1525623,531118,553324,427080.05,447983.81
eonia_up,Swap_EUR,2025-08-05,9.496152,369777,364183,0,0,1589342,541193,553324,430108.94,450779.84
eonia_up,Swap_EUR,2025-11-05,9.748207,318931,380214,0,0,1459065,471516,553324,431179.58,453431.27
eonia_up,Swap_EUR,2026-02-05,10.000262,325090,386255,0,0,1497742,485500,553324,432548.72,455949.04
eonia_up,Swap_EUR,2026-05-05,10.244098,341708,335449,0,0,1467808,515330,553324,434519.13,458266.81
eonia_up,Swap_EUR,2026-08-05,10.496152,348240,341061,0,0,1493693,530513,553324,436824.33,460549.51
eonia_up,Swap_EUR,2026-11-05,10.748207,296385,355114,0,0,1297085,456100,553324,437276.36,462725.15
eonia_up,Swap_EUR,2027-02-05,11.000262,299285,358116,0,0,1358834,465239,553324,437917.07,464801.08
eonia_up,Swap_EUR,2027-05-05,11.244098,313948,308372,0,0,1376847,492825,553324,439107.79,466720.75
eonia_up,Swap_EUR,2027-08-05,11.496152,316966,311654,0,0,1411580,502613,553324,440500.15,468619.54
eonia_up,Swap_EUR,2027-11-05,11.748207,268798,325928,0,0,1259804,430561,553324,440286.90,470436.85
eonia_up,Swap_EUR,2028-02-07,12.005464,272920,329745,0,0,1268184,441699,553324,440317.16,472212.98
eonia_up,Swap_EUR,2028-05-05,12.245902,284811,279906,0,0,1268735,465419,553324,440810.00,473805.52
eonia_up,Swap_EUR,2028-08-07,12.502732,284724,280867,0,0,1284549,470103,553324,441411.73,475438.98
eonia_up,Swap_EUR,2028-11-06,12.751366,234873,291574,0,0,1128087,391688,553324,440442.20,476957.62
eonia_up,Swap_EUR,2029-02-05,13.000262,236218,293518,0,0,1146824,397888,553324,439627.47,478419.69
eonia_up,Swap_EUR,2029-05-07,13.249577,248504,245713,0,0,1122724,422786,553324,439310.56,479829.15
eonia_up,Swap_EUR,2029-08-06,13.498892,250742,247856,0,0,1121555,430877,553324,439154.79,481186.54
eonia_up,Swap_EUR,2029-11-05,13.748207,204880,260296,0,0,962148,355601,553324,437639.60,482494.70
eonia_up,Swap_EUR,2030-02-05,14.000262,205662,261171,0,0,963447,360583,553324,436252.31,483769.88
eonia_up,Swap_EUR,2030-05-06,14.246837,217712,215082,0,0,967394,385501,553324,435373.94,484973.68
eonia_up,Swap_EUR,2030-08-05,14.496152,219307,216984,0,0,940795,392224,553324,434631.82,486149.21
eonia_up,Swap_EUR,2030-11-05,14.748207,174211,227880,0,0,820720,314735,553324,432582.71,487297.26
eonia_up,Swap_EUR,2031-02-05,15.000262,175925,229355,0,0,826062,321058,553324,430708.72,488406.73
eonia_up,Swap_EUR,2031-05-05,15.244098,186114,183554,0,0,800854,342987,553324,429305.58,489445.10
eonia_up,Swap_EUR,2031-08-05,15.496152,187668,185294,0,0,792811,349363,553324,428005.25,490484.13
eonia_up,Swap_EUR,2031-11-05,15.748207,143029,193532,0,0,672359,268966,553324,425459.78,491489.90
eonia_up,Swap_EUR,2032-02-05,16.000000,144302,194756,0,0,662680,274115,553324,423078.05,492462.98
eonia_up,Swap_EUR,2032-05-05,16.245902,152041,150012,0,0,627633,291684,553324,421089.24,493384.19
eonia_up,Swap_EUR,2032-08-05,16.497268,152306,150471,0,0,646149,295158,553324,419170.44,494297.48
eonia_up,Swap_EUR,2032-11-05,16.748634,108712,158474,0,0,497379,212816,553324,416073.44,495183.35
eonia_up,Swap_EUR,2033-02-07,17.005741,109815,159602,0,0,525064,217205,553324,413066.77,496062.37
eonia_up,Swap_EUR,2033-05-05,17.244098,115475,114058,0,0,474178,230591,553324,410544.50,496853.87
eonia_up,Swap_EUR,2033-08-05,17.496152,115888,114510,0,0,489055,233765,553324,407997.76,497667.39
eonia_up,Swap_EUR,2033-11-07,17.753687,72949,121129,0,0,339553,148676,553324,404236.06,498474.74
eonia_up,Swap_EUR,2034-02-06,18.003002,73196,121465,0,0,333320,150677,553324,400724.64,499234.32
eonia_up,Swap_EUR,2034-05-05,18.244098,78093,77167,0,0,319456,162319,553324,397574.11,499949.11
eonia_up,Swap_EUR,2034-08-07,18.501632,78004,77106,0,0,308489,163816,553324,394320.31,500692.06
eonia_up,Swap_EUR,2034-11-06,18.750947,37226,83821,0,0,194106,78964,553324,390127.29,501391.86
eonia_up,Swap_EUR,2035-02-05,19.000262,37537,84155,0,0,195899,80424,553324,386063.46,502073.29
eonia_up,Swap_EUR,2035-05-07,19.249577,39478,38860,0,0,156450,85431,553324,382169.76,502737.08
eonia_up,Swap_EUR,2035-08-06,19.498892,39385,38759,0,0,156396,86086,553324,378384.00,503383.88
eonia_up,Swap_EUR,2035-11-05,19.748207,4305,49869,0,0,31324,9505,553324,373727.01,504014.36
eonia_up,Swap_EUR,2036-02-05,20.000000,4257,49802,0,0,34483,9494,553324,369141.46,504635.15
eonia_up,Swap_EUR,2036-05-05,20.245902,0,0,0,0,0,0,553324,0.00,0.00
eonia_up,Swap_EUR,2036-08-05,20.497268,0,0,0,0,0,0,553324,0.00,0.00
eonia_up,Swap_EUR,2036-11-05,20.748634,0,0,0,0,0,0,553324,0.00,0.00
eonia_up,Swap_EUR,2037-02-05,21.000262,0,0,0,0,0,0,553324,0.00,0.00
eonia_up,Swap_EUR,2037-05-05,21.244098,0,0,0,0,0,0,553324,0.00,0.00
eonia_up,Swap_EUR,2037-08-05,21.496152,0,0,0,0,0,0,553324,0.00,0.00
eonia_up,Swap_EUR,2037-11-05,21.748207,0,0,0,0,0,0,553324,0.00,0.00
eonia_up,Swap_EUR,2038-02-05,22.000262,0,0,0,0,0,0,553324,0.00,0.00
no_shift,Swap_EUR,2016-02-05,0.000000,0,1032,0,0,0,0,0,0.00,0.00
no_shift,Swap_EUR,2016-05-05,0.245902,156876,157724,0,0,671606,157660,157660,157660.43,157660.43
no_shift,Swap_EUR,2016-08-05,0.497268,216378,218505,0,0,932891,218567,218567,188448.21,188448.21
no_shift,Swap_EUR,2016-11-07,0.754098,216322,317235,0,0,1016284,219640,219640,199071.53,199071.53
no_shift,Swap_EUR,2017-02-06,1.003002,260918,360126,0,0,1251266,266239,266239,215739.78,215739.78
no_shift,Swap_EUR,2017-05-05,1.244098,332955,333868,0,0,1445358,341406,341406,240092.80,240092.80
no_shift,Swap_EUR,2017-08-07,1.501632,370800,371401,0,0,1649340,382187,382187,264462.43,264462.43
no_shift,Swap_EUR,2017-11-06,1.750947,340692,437899,0,0,1753115,352913,382187,277056.72,281225.12
no_shift,Swap_EUR,2018-02-05,2.000262,366067,464443,0,0,1796807,381086,382187,290023.00,293809.17
no_shift,Swap_EUR,2018-05-07,2.249577,423938,424756,0,0,1971302,443544,443544,307037.35,310403.91
no_shift,Swap_EUR,2018-08-06,2.498892,448342,447915,0,0,2046378,471431,471431,323438.92,326469.60
no_shift,Swap_EUR,2018-11-05,2.748207,407628,501815,0,0,2007579,430770,471431,333175.94,339620.35
no_shift,Swap_EUR,2019-02-05,3.000262,437804,530477,0,0,2106274,465006,471431,344251.13,350693.87
no_shift,Swap_EUR,2019-05-06,3.246837,484180,482699,0,0,2290730,516816,516816,357356.24,363309.69
no_shift,Swap_EUR,2019-08-05,3.496152,501484,497912,0,0,2275454,537973,537973,370236.22,375765.12
no_shift,Swap_EUR,2019-11-05,3.748207,448955,541081,0,0,2074082,484065,537973,377890.81,386673.05
no_shift,Swap_EUR,2020-02-05,4.000000,465813,558608,0,0,2288135,504788,537973,385878.79,396197.08
no_shift,Swap_EUR,2020-05-05,4.245902,513273,512105,0,0,2435684,558980,558980,395903.97,405624.68
no_shift,Swap_EUR,2020-08-05,4.497268,526266,526356,0,0,2369697,576038,576038,405972.20,415149.59
no_shift,Swap_EUR,2020-11-05,4.748634,473214,563538,0,0,2263574,520596,576038,412039.74,423666.10
no_shift,Swap_EUR,2021-02-05,5.000262,486214,577278,0,0,2215441,537610,576038,418358.82,431333.90
no_shift,Swap_EUR,2021-05-05,5.244098,531306,530427,0,0,2414390,590352,590352,426356.00,438727.77
no_shift,Swap_EUR,2021-08-05,5.496152,540091,539934,0,0,2396584,603158,603158,434464.17,446268.57
no_shift,Swap_EUR,2021-11-05,5.748207,482670,573175,0,0,2220442,541765,603158,439169.25,453148.06
no_shift,Swap_EUR,2022-02-07,6.005741,491549,582363,0,0,2280142,554592,603158,444118.73,459580.68
no_shift,Swap_EUR,2022-05-05,6.244098,529954,530246,0,0,2380669,600790,603158,450099.33,465061.46
no_shift,Swap_EUR,2022-08-05,6.496152,544250,544245,0,0,2473422,620127,620127,456696.52,471078.11
no_shift,Swap_EUR,2022-11-07,6.753687,490101,578489,0,0,2220304,561323,620127,460686.17,476761.70
no_shift,Swap_EUR,2023-02-06,7.003002,497908,586785,0,0,2226449,573126,620127,464689.16,481865.68
no_shift,Swap_EUR,2023-05-05,7.244098,529359,530770,0,0,2293321,612284,620127,469601.37,486467.25
no_shift,Swap_EUR,2023-08-07,7.501632,538894,541225,0,0,2373861,626544,626544,474989.29,491276.15
no_shift,Swap_EUR,2023-11-06,7.750947,482597,569916,0,0,2151232,563906,626544,477849.35,495627.15
no_shift,Swap_EUR,2024-02-05,8.000000,486898,574349,0,0,2232591,571786,626544,480773.74,499702.81
no_shift,Swap_EUR,2024-05-06,8.248634,517601,518863,0,0,2235725,610892,626544,484695.81,503526.12
no_shift,Swap_EUR,2024-08-05,8.497268,523041,523735,0,0,2288411,620410,626544,488666.86,507125.68
no_shift,Swap_EUR,2024-11-05,8.748634,463848,548558,0,0,2077461,552989,626544,490514.96,510556.82
no_shift,Swap_EUR,2025-02-05,9.000262,473602,558199,0,0,2062544,567481,626544,492666.77,513799.58
no_shift,Swap_EUR,2025-05-05,9.244098,493674,494597,0,0,2059660,594434,626544,495351.14,516773.49
no_shift,Swap_EUR,2025-08-05,9.496152,498022,498658,0,0,2145736,602711,626544,498200.78,519687.11
no_shift,Swap_EUR,2025-11-05,9.748207,436614,518159,0,0,1992634,531075,626544,499050.79,522450.07
no_shift,Swap_EUR,2026-02-05,10.000262,445113,526502,0,0,2045578,544160,626544,500187.76,525073.74
no_shift,Swap_EUR,2026-05-05,10.244098,465402,464249,0,0,2004448,571755,626544,501891.24,527488.99
no_shift,Swap_EUR,2026-08-05,10.496152,474397,472006,0,0,2039957,585763,626544,503905.34,529867.70
no_shift,Swap_EUR,2026-11-05,10.748207,410224,489343,0,0,1791663,509094,626544,504027.01,532134.85
no_shift,Swap_EUR,2027-02-05,11.000262,414340,493597,0,0,1876864,516811,626544,504319.94,534298.10
no_shift,Swap_EUR,2027-05-05,11.244098,432391,431298,0,0,1901600,541972,626544,505136.45,536298.52
no_shift,Swap_EUR,2027-08-05,11.496152,436631,435907,0,0,1950061,550063,626544,506121.47,538277.17
no_shift,Swap_EUR,2027-11-05,11.748207,376078,453993,0,0,1759252,476182,626544,505479.14,540170.91
no_shift,Swap_EUR,2028-02-07,12.005464,381858,459357,0,0,1771303,486007,626544,505061.88,542021.75
no_shift,Swap_EUR,2028-05-05,12.245902,396683,395622,0,0,1772404,507326,626544,505106.32,543681.27
no_shift,Swap_EUR,2028-08-07,12.502732,396606,397002,0,0,1794878,509856,626544,505203.89,545383.43
no_shift,Swap_EUR,2028-11-06,12.751366,332237,410527,0,0,1592849,429249,626544,503722.87,546965.95
no_shift,Swap_EUR,2029-02-05,13.000262,334178,413310,0,0,1619411,433923,626544,502386.52,548489.51
no_shift,Swap_EUR,2029-05-07,13.249577,349890,350978,0,0,1586104,456604,626544,501525.04,549958.26
no_shift,Swap_EUR,2029-08-06,13.498892,353102,354055,0,0,1584344,463109,626544,500815.52,551372.74
no_shift,Swap_EUR,2029-11-05,13.748207,292968,370387,0,0,1373744,386168,626544,498736.46,552735.93
no_shift,Swap_EUR,2030-02-05,14.000262,294103,371652,0,0,1375609,389630,626544,496772.15,554064.74
no_shift,Swap_EUR,2030-05-06,14.246837,309889,310419,0,0,1381360,412581,626544,495315.02,555319.17
no_shift,Swap_EUR,2030-08-05,14.496152,312154,313124,0,0,1343685,417682,626544,493979.83,556544.15
no_shift,Swap_EUR,2030-11-05,14.748207,251745,327662,0,0,1184061,338559,626544,491323.61,557740.48
no_shift,Swap_EUR,2031-02-05,15.000262,254239,329813,0,0,1192111,343649,626544,488842.18,558896.62
no_shift,Swap_EUR,2031-05-05,15.244098,267844,267692,0,0,1156291,363814,626544,486842.30,559978.67
no_shift,Swap_EUR,2031-08-05,15.496152,270091,270208,0,0,1144869,368727,626544,484921.08,561061.40
no_shift,Swap_EUR,2031-11-05,15.748207,208891,281203,0,0,980620,286624,626544,481747.28,562109.47
no_shift,Swap_EUR,2032-02-05,16.000000,210759,282999,0,0,966501,290654,626544,478740.03,563123.48
no_shift,Swap_EUR,2032-05-05,16.245902,221149,220989,0,0,915976,306496,626544,476132.90,564083.43
no_shift,Swap_EUR,2032-08-05,16.497268,221577,221700,0,0,943033,308647,626544,473580.94,565035.13
no_shift,Swap_EUR,2032-11-05,16.748634,160530,232545,0,0,733408,224746,626544,469846.39,565958.27
no_shift,Swap_EUR,2033-02-07,17.005741,162167,234219,0,0,774197,228214,626544,466193.18,566874.26
no_shift,Swap_EUR,2033-05-05,17.244098,169744,169740,0,0,699194,240023,626544,463066.95,567699.05
no_shift,Swap_EUR,2033-08-05,17.496152,170383,170437,0,0,721351,242149,626544,459884.33,568546.79
no_shift,Swap_EUR,2033-11-07,17.753687,108950,179449,0,0,506140,155643,626544,455471.02,569388.09
no_shift,Swap_EUR,2034-02-06,18.003002,109327,179957,0,0,496924,156965,626544,451337.15,570179.62
no_shift,Swap_EUR,2034-05-05,18.244098,115938,115941,0,0,474079,167263,626544,447583.11,570924.48
no_shift,Swap_EUR,2034-08-07,18.501632,115775,115819,0,0,458764,167895,626544,443689.98,571698.68
no_shift,Swap_EUR,2034-11-06,18.750947,56181,125094,0,0,293435,81882,626544,438879.33,572427.91
no_shift,Swap_EUR,2035-02-05,19.000262,56619,125565,0,0,294848,82933,626544,434208.73,573138.01
no_shift,Swap_EUR,2035-05-07,19.249577,59094,58857,0,0,235132,86993,626544,429711.69,573829.71
no_shift,Swap_EUR,2035-08-06,19.498892,58952,58704,0,0,234791,87220,626544,425332.55,574503.72
no_shift,Swap_EUR,2035-11-05,19.748207,6632,74726,0,0,48243,9861,626544,420087.35,575160.71
no_shift,Swap_EUR,2036-02-05,20.000000,6564,74630,0,0,53211,9810,626544,414922.11,575807.61
no_shift,Swap_EUR,2036-05-05,20.245902,0,0,0,0,0,0,626544,0.00,0.00
no_shift,Swap_EUR,2036-08-05,20.497268,0,0,0,0,0,0,626544,0.00,0.00
no_shift,Swap_EUR,2036-11-05,20.748634,0,0,0,0,0,0,626544,0.00,0.00
no_shift,Swap_EUR,2037-02-05,21.000262,0,0,0,0,0,0,626544,0.00,0.00
no_shift,Swap_EUR,2037-05-05,21.244098,0,0,0,0,0,0,626544,0.00,0.00
no_shift,Swap_EUR,2037-08-05,21.496152,0,0,0,0,0,0,626544,0.00,0.00
no_shift,Swap_EUR,2037-11-05,21.748207,0,0,0,0,0,0,626544,0.00,0.00
no_shift,Swap_EUR,2038-02-05,22.000262,0,0,0,0,0,0,626544,0.00,0.00
