#TradeId,TradeType,Maturity,MaturityTime,NPV,NpvCurrency,NPV(Base),BaseCurrency,Notional,NotionalCurrency,Notional(Base),NettingSet,CounterParty
CDS,CreditDefaultSwap,2026-12-21,2.795000,-71654.560197,USD,-64963.598260,EUR,1000000.00,USD,906621.97,NS,CP
Cap,Swap,2026-03-02,1.989520,4988926.691472,EUR,4988926.691472,EUR,100000000.00,EUR,100000000.00,CPTY_A,CPTY_A
EUR6MSwap,Swap,2026-03-02,1.989520,5924803.709084,EUR,5924803.709084,EUR,100000000.00,EUR,100000000.00,CPTY_A,CPTY_A
XccySwap,Swap,2026-01-06,1.838835,-1106221.034764,USD,-1002924.289700,EUR,102120250.00,USD,92584461.85,,A
