#TradeId,NettingSetId,CVA,DVA,FBA,FCA,FBAexOwnSP,FCAexOwnSP,FBAexAllSP,FCAexAllSP,COLVA,MVA,OurKVACCR,TheirKVACCR,OurKVACVA,TheirKVACVA,CollateralFloor,AllocatedCVA,AllocatedDVA,AllocationMethod,BaselEPE,BaselEEPE
,CPTY_A,9856.93,15441.18,7490.76,-1578.80,7820.03,-1648.85,8025.96,-1692.70,0.00,0.00,0.00,0.00,0.00,0.00,22102.39,9856.93,15441.18,Marginal,326964.22,401720.53
Swap_1,CPTY_A,113824.62,114959.31,55478.61,-17883.23,58741.96,-19095.42,60803.57,-19864.48,#N/A,#N/A,#N/A,#N/A,#N/A,#N/A,#N/A,7470.40,17958.79,Marginal,1159808.06,1171399.16
