#TradeId,NettingSetId,CVA,DVA,FBA,FCA,FBAexOwnSP,FCAexOwnSP,FBAexAllSP,FCAexAllSP,COLVA,MVA,OurKVACCR,TheirKVACCR,OurKVACVA,TheirKVACVA,CollateralFloor,AllocatedCVA,AllocatedDVA,AllocationMethod,BaselEPE,BaselEEPE
,CPTY_A,63960.37,2639315.62,1258878.85,-9104.20,1354001.01,-10725.80,1415383.10,-11839.19,0.00,-26932.94,0.00,0.00,0.00,0.00,0.00,63960.37,2639315.62,None,0.00,0.00
BermSwp,CPTY_A,4553.26,51.25,21.80,-673.49,28.49,-763.56,33.42,-825.13,#N/A,#N/A,#N/A,#N/A,#N/A,#N/A,#N/A,0.00,0.00,None,54015.22,54015.22
CC_SWAP_EUR_USD,CPTY_A,37085.50,2655167.70,1267436.97,-5489.62,1361312.38,-6219.04,1421685.90,-6698.36,#N/A,#N/A,#N/A,#N/A,#N/A,#N/A,#N/A,0.00,0.00,None,0.00,0.00
FXSwap,CPTY_A,2518.35,16044.02,7560.53,-393.73,8306.66,-422.31,8792.70,-441.04,#N/A,#N/A,#N/A,#N/A,#N/A,#N/A,#N/A,0.00,0.00,None,149407.40,293048.38
FX_CALL_OPTION,CPTY_A,15774.94,0.00,0.00,-2441.86,0.00,-2645.38,0.00,-2776.97,#N/A,#N/A,#N/A,#N/A,#N/A,#N/A,#N/A,0.00,0.00,None,274559.42,274559.42
Swap_EUR,CPTY_A,41455.36,70602.31,32497.25,-6091.77,37188.58,-6951.83,40405.89,-7540.12,#N/A,#N/A,#N/A,#N/A,#N/A,#N/A,#N/A,0.00,0.00,None,255447.15,255447.15
Swap_USD,CPTY_A,48661.28,37088.89,17235.99,-7178.58,19401.77,-8160.22,20875.84,-8828.25,#N/A,#N/A,#N/A,#N/A,#N/A,#N/A,#N/A,0.00,0.00,None,281235.65,281235.65
