#TradeId,TradeType,Maturity,MaturityTime,NPV,NpvCurrency,NPV(Base),BaseCurrency,Notional,NotionalCurrency,Notional(Base),NettingSet,CounterParty
TestedCBO,CBO,2037-05-29,14.747945,1792838.424862,USD,1792838.424862,USD,1802750.20,USD,1802750.20,CPTY_A,CPTY_A
